// Jest Snapshot v1, https://goo.gl/fbAQLP

exports[`render 1`] = `
<DocumentFragment>
  <header>
    <h1
      class="fancy-h1"
      data-testid="h1tag"
    >
      Header
    </h1>
  </header>
</DocumentFragment>
`;
